[2026-07-02 14:20:01] [resume] Ziehe restliche Batches (--from 4 --to 7, idempotent)…
[2026-07-02 14:20:01] Insgesamt 8 Batches (à 6 Kapitel).
[2026-07-02 14:20:01] 🟢 Ampel vor Batch 4: 5h 2.0%, Woche 82.0% frei
[2026-07-02 14:20:01] Batch 4: Kapitel [24, 25, 26, 27, 28, 29] — Prompt bauen…
[2026-07-02 14:20:01] Batch 4: Prompt 108271 Zeichen (~27067 Tokens) → Fable-Aufruf…
[2026-07-02 14:30:03] Batch 4: OK (602s) → 15 Satz-Umbauten, 9 Konsistenz-Funde. /home/bolla/workspace/data/satzkur/batch_04.json
[2026-07-02 14:30:03] 🟢 Ampel vor Batch 5: 5h 8.0%, Woche 82.0% frei
[2026-07-02 14:30:03] Batch 5: Kapitel [30, 31, 32, 33, 34, 35] — Prompt bauen…
[2026-07-02 14:30:03] Batch 5: Prompt 106162 Zeichen (~26540 Tokens) → Fable-Aufruf…
[2026-07-02 14:39:21] Batch 5: OK (558s) → 11 Satz-Umbauten, 13 Konsistenz-Funde. /home/bolla/workspace/data/satzkur/batch_05.json
[2026-07-02 14:39:21] 🟢 Ampel vor Batch 6: 5h 41.0%, Woche 80.0% frei
[2026-07-02 14:39:21] Batch 6: Kapitel [36, 37, 38, 39, 40, 41] — Prompt bauen…
[2026-07-02 14:39:21] Batch 6: Prompt 108889 Zeichen (~27222 Tokens) → Fable-Aufruf…
[2026-07-02 14:40:01] [resume] Anderer Resume-Lauf aktiv — überspringe.
[2026-07-02 14:47:44] Batch 6: OK (504s) → 12 Satz-Umbauten, 8 Konsistenz-Funde. /home/bolla/workspace/data/satzkur/batch_06.json
[2026-07-02 14:47:44] 🟢 Ampel vor Batch 7: 5h 71.0%, Woche 78.0% frei
[2026-07-02 14:47:44] Batch 7: Kapitel [42, 43, 44, 45, 46] — Prompt bauen…
[2026-07-02 14:47:44] Batch 7: Prompt 87149 Zeichen (~21787 Tokens) → Fable-Aufruf…
[2026-07-02 14:58:12] Batch 7: OK (628s) → 10 Satz-Umbauten, 17 Konsistenz-Funde. /home/bolla/workspace/data/satzkur/batch_07.json
[2026-07-02 14:58:12] Lauf beendet.
[2026-07-02 14:58:12] [resume] Alle 8 Batches vorhanden → Review-Dokument bauen…
[2026-07-02 14:58:14] [resume] FERTIG. 94 Umbauten, 88 Konsistenz-Funde. Doc: True. Dry: Rewrites gesamt: 94 | anwendbar: 89 | abgelehnt(skip): 0 | PROBLEME: 5
